[ipci.in/index.html]
[backblue.gif]
[fade.gif]
[index.html]
[ipci.in/css/mainstyle.css]
[ipci.in/js/custom.js]
[ipci.in/engine1/style.css]
[ipci.in/index-2.html]
[ipci.in/images/logo5.jpg]
[ipci.in/about.html]
[ipci.in/engine1/jquery.js]
[ipci.in/services.html]
[ipci.in/contact.html]
[ipci.in/data1/images/slide3.jpg]
[ipci.in/data1/images/slide1.jpg]
[ipci.in/data1/images/slide2.jpg]
[ipci.in/data1/images/slide4.jpg]
[ipci.in/data1/images/slide5.jpg]
[ipci.in/engine1/wowslider.js]
[ipci.in/engine1/script.js]
[ipci.in/Household-pest-Control-1.html]
[ipci.in/Commercial-pest-Control-2.html]
[ipci.in/images/contactform.png]
[ipci.in/Rat-&Rodent-Control-4.html]
[ipci.in/Anti-Termite-Control-25.html]
[ipci.in/Mosquito-&-Flies-Control-6.html]
[ipci.in/Bedbugs-Control-7.html]
[ipci.in/index.html]
[ipci.in/creativeimg/favicon.html]
[ipci.in/Anti-Wood-Borer-Treatment-8.html]
[ipci.in/images/bg11.png]
[ipci.in/images/menubg2.png]
[ipci.in/images/menubg1.png]
[ipci.in/images/foot1.png]
[ipci.in/css/mainstyle.css]
[ipci.in/engine1/bullet.png]
[ipci.in/engine1/arrows.png]
[ipci.in/engine1/pause.png]
[ipci.in/engine1/play.png]
[ipci.in/engine1/triangle.png]
[ipci.in/engine1/style.css]
[ipci.in/index-2.html]
[ipci.in/about.html]
[ipci.in/services.html]
[ipci.in/contact.html]
[ipci.in/uploads/products/categories/1.jpg]
[ipci.in/1_Cockroach-Control.html]
[ipci.in/uploads/products/1.gif]
[ipci.in/2_Lizard-control.html]
[ipci.in/uploads/products/2.jpg]
[ipci.in/3_General-Disinfestation.html]
[ipci.in/uploads/products/3.jpg]
[ipci.in/Household-pest-Control-1.html]
[ipci.in/uploads/products/categories/2.jpg]
[ipci.in/6_Warehouse-Pest-Control.html]
[ipci.in/uploads/products/6.jpg]
[ipci.in/5_Industrial-Pest-Control.html]
[ipci.in/uploads/products/5.jpg]
[ipci.in/4_Corporate-Pest-Control.html]
[ipci.in/uploads/products/4.jpg]
[ipci.in/Commercial-pest-Control-2.html]
[ipci.in/uploads/products/categories/4.jpg]
[ipci.in/7_Trapping-Non-Chemical-Control.html]
[ipci.in/uploads/products/7.jpg]
[ipci.in/17_Rat-control-in-open-areas.html]
[ipci.in/uploads/products/17.jpg]
[ipci.in/8_Baiting-Chemical-Control.html]
[ipci.in/uploads/products/8.jpg]
[ipci.in/Rat-&Rodent-Control-4.html]
[ipci.in/uploads/products/categories/25.jpg]
[ipci.in/12_Sub-Terranean-Termites.html]
[ipci.in/uploads/products/12.jpg]
[ipci.in/11_Dry-Wood-Termites.html]
[ipci.in/uploads/products/11.jpg]
[ipci.in/Anti-Termite-Control-25.html]
[ipci.in/uploads/products/categories/6.jpg]
[ipci.in/15_Indoor-Mosquitoes-Control.html]
[ipci.in/uploads/products/15.jpg]
[ipci.in/16_Outdoor-Mosquito-Control.html]
[ipci.in/uploads/products/16.jpg]
[ipci.in/Mosquito-&-Flies-Control-6.html]
[ipci.in/uploads/products/categories/7.jpg]
[ipci.in/Bedbugs-Control-7.html]
[ipci.in/uploads/products/categories/8.jpg]
[ipci.in/Anti-Wood-Borer-Treatment-8.html]
[ipci.in/creativeimg/facebook.html]
[ipci.in/creativeimg/twitter.html]
[ipci.in/creativeimg/google.html]
[ipci.in/uploads/products/big/1.gif]
[ipci.in/1_Cockroach-Control.html]
[ipci.in/uploads/products/big/2.jpg]
[ipci.in/2_Lizard-control.html]
[ipci.in/uploads/products/big/3.jpg]
[ipci.in/3_General-Disinfestation.html]
[ipci.in/uploads/products/big/6.jpg]
[ipci.in/6_Warehouse-Pest-Control.html]
[ipci.in/uploads/products/big/5.jpg]
[ipci.in/5_Industrial-Pest-Control.html]
[ipci.in/uploads/products/big/4.jpg]
[ipci.in/4_Corporate-Pest-Control.html]
[ipci.in/uploads/products/big/7.jpg]
[ipci.in/7_Trapping-Non-Chemical-Control.html]
[ipci.in/uploads/products/big/17.jpg]
[ipci.in/17_Rat-control-in-open-areas.html]
[ipci.in/uploads/products/big/8.jpg]
[ipci.in/8_Baiting-Chemical-Control.html]
[ipci.in/uploads/products/big/12.jpg]
[ipci.in/12_Sub-Terranean-Termites.html]
[ipci.in/uploads/products/big/11.jpg]
[ipci.in/11_Dry-Wood-Termites.html]
[ipci.in/uploads/products/big/15.jpg]
[ipci.in/15_Indoor-Mosquitoes-Control.html]
[ipci.in/uploads/products/big/16.jpg]
[ipci.in/16_Outdoor-Mosquito-Control.html]
